// Jest Snapshot v1, https://goo.gl/fbAQLP

exports[`ImagePreview renders correctly 1`] = `null`;

exports[`ImagePreview renders correctly with origin 1`] = `null`;
